16:06:15 **** Incremental Build of configuration Debug for project mother_board ****
make -r -j16 all 
Building file: ../firmware/src/app_status.c
Building file: ../firmware/src/board.c
Building file: ../firmware/src/board_sysinit.c
Invoking: MCU C Compiler
Invoking: MCU C Compiler
Invoking: MCU C Compiler
arm-none-eabi-gcc -D__REDLIB__ -DDEBUG -D__CODE_RED -D__USE_LPCOPEN -DCORE_M3 -I"C:\Users\mad23\Downloads\Phoneix-workspace-fork\YAZAKI-mb\lpc_chip_175x_6x\inc" -I"C:\Users\mad23\Downloads\Phoneix-workspace-fork\YAZAKI-mb\mother_board\firmware\inc" -O0 -g3 -gdwarf-4 -Wall -c -fmessage-length=0 -fno-builtin -ffunction-sections -fdata-sections -fmerge-constants -fmacro-prefix-map="../firmware/src/"= -mcpu=cortex-m3 -mthumb -fstack-usage -specs=redlib.specs -MMD -MP -MF"firmware/src/app_status.d" -MT"firmware/src/app_status.o" -MT"firmware/src/app_status.d" -o "firmware/src/app_status.o" "../firmware/src/app_status.c"
Building file: ../firmware/src/cr_startup_lpc175x_6x.c
arm-none-eabi-gcc -D__REDLIB__ -DDEBUG -D__CODE_RED -D__USE_LPCOPEN -DCORE_M3 -I"C:\Users\mad23\Downloads\Phoneix-workspace-fork\YAZAKI-mb\lpc_chip_175x_6x\inc" -I"C:\Users\mad23\Downloads\Phoneix-workspace-fork\YAZAKI-mb\mother_board\firmware\inc" -O0 -g3 -gdwarf-4 -Wall -c -fmessage-length=0 -fno-builtin -ffunction-sections -fdata-sections -fmerge-constants -fmacro-prefix-map="../firmware/src/"= -mcpu=cortex-m3 -mthumb -fstack-usage -specs=redlib.specs -MMD -MP -MF"firmware/src/board.d" -MT"firmware/src/board.o" -MT"firmware/src/board.d" -o "firmware/src/board.o" "../firmware/src/board.c"
arm-none-eabi-gcc -D__REDLIB__ -DDEBUG -D__CODE_RED -D__USE_LPCOPEN -DCORE_M3 -I"C:\Users\mad23\Downloads\Phoneix-workspace-fork\YAZAKI-mb\lpc_chip_175x_6x\inc" -I"C:\Users\mad23\Downloads\Phoneix-workspace-fork\YAZAKI-mb\mother_board\firmware\inc" -O0 -g3 -gdwarf-4 -Wall -c -fmessage-length=0 -fno-builtin -ffunction-sections -fdata-sections -fmerge-constants -fmacro-prefix-map="../firmware/src/"= -mcpu=cortex-m3 -mthumb -fstack-usage -specs=redlib.specs -MMD -MP -MF"firmware/src/board_sysinit.d" -MT"firmware/src/board_sysinit.o" -MT"firmware/src/board_sysinit.d" -o "firmware/src/board_sysinit.o" "../firmware/src/board_sysinit.c"
Invoking: MCU C Compiler
arm-none-eabi-gcc -D__REDLIB__ -DDEBUG -D__CODE_RED -D__USE_LPCOPEN -DCORE_M3 -I"C:\Users\mad23\Downloads\Phoneix-workspace-fork\YAZAKI-mb\lpc_chip_175x_6x\inc" -I"C:\Users\mad23\Downloads\Phoneix-workspace-fork\YAZAKI-mb\mother_board\firmware\inc" -O0 -g3 -gdwarf-4 -Wall -c -fmessage-length=0 -fno-builtin -ffunction-sections -fdata-sections -fmerge-constants -fmacro-prefix-map="../firmware/src/"= -mcpu=cortex-m3 -mthumb -fstack-usage -specs=redlib.specs -MMD -MP -MF"firmware/src/cr_startup_lpc175x_6x.d" -MT"firmware/src/cr_startup_lpc175x_6x.o" -MT"firmware/src/cr_startup_lpc175x_6x.d" -o "firmware/src/cr_startup_lpc175x_6x.o" "../firmware/src/cr_startup_lpc175x_6x.c"
Building file: ../firmware/src/isr_gpio.c
Building file: ../firmware/src/isr_rit.c
Invoking: MCU C Compiler
arm-none-eabi-gcc -D__REDLIB__ -DDEBUG -D__CODE_RED -D__USE_LPCOPEN -DCORE_M3 -I"C:\Users\mad23\Downloads\Phoneix-workspace-fork\YAZAKI-mb\lpc_chip_175x_6x\inc" -I"C:\Users\mad23\Downloads\Phoneix-workspace-fork\YAZAKI-mb\mother_board\firmware\inc" -O0 -g3 -gdwarf-4 -Wall -c -fmessage-length=0 -fno-builtin -ffunction-sections -fdata-sections -fmerge-constants -fmacro-prefix-map="../firmware/src/"= -mcpu=cortex-m3 -mthumb -fstack-usage -specs=redlib.specs -MMD -MP -MF"firmware/src/isr_gpio.d" -MT"firmware/src/isr_gpio.o" -MT"firmware/src/isr_gpio.d" -o "firmware/src/isr_gpio.o" "../firmware/src/isr_gpio.c"
Invoking: MCU C Compiler
arm-none-eabi-gcc -D__REDLIB__ -DDEBUG -D__CODE_RED -D__USE_LPCOPEN -DCORE_M3 -I"C:\Users\mad23\Downloads\Phoneix-workspace-fork\YAZAKI-mb\lpc_chip_175x_6x\inc" -I"C:\Users\mad23\Downloads\Phoneix-workspace-fork\YAZAKI-mb\mother_board\firmware\inc" -O0 -g3 -gdwarf-4 -Wall -c -fmessage-length=0 -fno-builtin -ffunction-sections -fdata-sections -fmerge-constants -fmacro-prefix-map="../firmware/src/"= -mcpu=cortex-m3 -mthumb -fstack-usage -specs=redlib.specs -MMD -MP -MF"firmware/src/isr_rit.d" -MT"firmware/src/isr_rit.o" -MT"firmware/src/isr_rit.d" -o "firmware/src/isr_rit.o" "../firmware/src/isr_rit.c"
Building file: ../firmware/src/isr_uart0.c
Invoking: MCU C Compiler
arm-none-eabi-gcc -D__REDLIB__ -DDEBUG -D__CODE_RED -D__USE_LPCOPEN -DCORE_M3 -I"C:\Users\mad23\Downloads\Phoneix-workspace-fork\YAZAKI-mb\lpc_chip_175x_6x\inc" -I"C:\Users\mad23\Downloads\Phoneix-workspace-fork\YAZAKI-mb\mother_board\firmware\inc" -O0 -g3 -gdwarf-4 -Wall -c -fmessage-length=0 -fno-builtin -ffunction-sections -fdata-sections -fmerge-constants -fmacro-prefix-map="../firmware/src/"= -mcpu=cortex-m3 -mthumb -fstack-usage -specs=redlib.specs -MMD -MP -MF"firmware/src/isr_uart0.d" -MT"firmware/src/isr_uart0.o" -MT"firmware/src/isr_uart0.d" -o "firmware/src/isr_uart0.o" "../firmware/src/isr_uart0.c"
Building file: ../firmware/src/isr_uart1.c
Building file: ../firmware/src/main.c
Invoking: MCU C Compiler
arm-none-eabi-gcc -D__REDLIB__ -DDEBUG -D__CODE_RED -D__USE_LPCOPEN -DCORE_M3 -I"C:\Users\mad23\Downloads\Phoneix-workspace-fork\YAZAKI-mb\lpc_chip_175x_6x\inc" -I"C:\Users\mad23\Downloads\Phoneix-workspace-fork\YAZAKI-mb\mother_board\firmware\inc" -O0 -g3 -gdwarf-4 -Wall -c -fmessage-length=0 -fno-builtin -ffunction-sections -fdata-sections -fmerge-constants -fmacro-prefix-map="../firmware/src/"= -mcpu=cortex-m3 -mthumb -fstack-usage -specs=redlib.specs -MMD -MP -MF"firmware/src/isr_uart1.d" -MT"firmware/src/isr_uart1.o" -MT"firmware/src/isr_uart1.d" -o "firmware/src/isr_uart1.o" "../firmware/src/isr_uart1.c"
Invoking: MCU C Compiler
Building file: ../firmware/src/queues.c
arm-none-eabi-gcc -D__REDLIB__ -DDEBUG -D__CODE_RED -D__USE_LPCOPEN -DCORE_M3 -I"C:\Users\mad23\Downloads\Phoneix-workspace-fork\YAZAKI-mb\lpc_chip_175x_6x\inc" -I"C:\Users\mad23\Downloads\Phoneix-workspace-fork\YAZAKI-mb\mother_board\firmware\inc" -O0 -g3 -gdwarf-4 -Wall -c -fmessage-length=0 -fno-builtin -ffunction-sections -fdata-sections -fmerge-constants -fmacro-prefix-map="../firmware/src/"= -mcpu=cortex-m3 -mthumb -fstack-usage -specs=redlib.specs -MMD -MP -MF"firmware/src/main.d" -MT"firmware/src/main.o" -MT"firmware/src/main.d" -o "firmware/src/main.o" "../firmware/src/main.c"
Finished building: ../firmware/src/app_status.c
Invoking: MCU C Compiler
Building file: ../firmware/src/sysinit.c
Building file: ../firmware/src/u1_jobs.c
arm-none-eabi-gcc -D__REDLIB__ -DDEBUG -D__CODE_RED -D__USE_LPCOPEN -DCORE_M3 -I"C:\Users\mad23\Downloads\Phoneix-workspace-fork\YAZAKI-mb\lpc_chip_175x_6x\inc" -I"C:\Users\mad23\Downloads\Phoneix-workspace-fork\YAZAKI-mb\mother_board\firmware\inc" -O0 -g3 -gdwarf-4 -Wall -c -fmessage-length=0 -fno-builtin -ffunction-sections -fdata-sections -fmerge-constants -fmacro-prefix-map="../firmware/src/"= -mcpu=cortex-m3 -mthumb -fstack-usage -specs=redlib.specs -MMD -MP -MF"firmware/src/queues.d" -MT"firmware/src/queues.o" -MT"firmware/src/queues.d" -o "firmware/src/queues.o" "../firmware/src/queues.c"
 
Finished building: ../firmware/src/cr_startup_lpc175x_6x.c
Invoking: MCU C Compiler
Invoking: MCU C Compiler
arm-none-eabi-gcc -D__REDLIB__ -DDEBUG -D__CODE_RED -D__USE_LPCOPEN -DCORE_M3 -I"C:\Users\mad23\Downloads\Phoneix-workspace-fork\YAZAKI-mb\lpc_chip_175x_6x\inc" -I"C:\Users\mad23\Downloads\Phoneix-workspace-fork\YAZAKI-mb\mother_board\firmware\inc" -O0 -g3 -gdwarf-4 -Wall -c -fmessage-length=0 -fno-builtin -ffunction-sections -fdata-sections -fmerge-constants -fmacro-prefix-map="../firmware/src/"= -mcpu=cortex-m3 -mthumb -fstack-usage -specs=redlib.specs -MMD -MP -MF"firmware/src/sysinit.d" -MT"firmware/src/sysinit.o" -MT"firmware/src/sysinit.d" -o "firmware/src/sysinit.o" "../firmware/src/sysinit.c"
Finished building: ../firmware/src/board.c
Finished building: ../firmware/src/board_sysinit.c
arm-none-eabi-gcc -D__REDLIB__ -DDEBUG -D__CODE_RED -D__USE_LPCOPEN -DCORE_M3 -I"C:\Users\mad23\Downloads\Phoneix-workspace-fork\YAZAKI-mb\lpc_chip_175x_6x\inc" -I"C:\Users\mad23\Downloads\Phoneix-workspace-fork\YAZAKI-mb\mother_board\firmware\inc" -O0 -g3 -gdwarf-4 -Wall -c -fmessage-length=0 -fno-builtin -ffunction-sections -fdata-sections -fmerge-constants -fmacro-prefix-map="../firmware/src/"= -mcpu=cortex-m3 -mthumb -fstack-usage -specs=redlib.specs -MMD -MP -MF"firmware/src/u1_jobs.d" -MT"firmware/src/u1_jobs.o" -MT"firmware/src/u1_jobs.d" -o "firmware/src/u1_jobs.o" "../firmware/src/u1_jobs.c"
 
 
 
Building file: ../firmware/src/u2_jobs.c
Building file: ../firmware/src/ws2812b.c
Building file: ../firmware/src/ws_led.c
Finished building: ../firmware/src/isr_gpio.c
Finished building: ../firmware/src/isr_rit.c
Invoking: MCU C Compiler
arm-none-eabi-gcc -D__REDLIB__ -DDEBUG -D__CODE_RED -D__USE_LPCOPEN -DCORE_M3 -I"C:\Users\mad23\Downloads\Phoneix-workspace-fork\YAZAKI-mb\lpc_chip_175x_6x\inc" -I"C:\Users\mad23\Downloads\Phoneix-workspace-fork\YAZAKI-mb\mother_board\firmware\inc" -O0 -g3 -gdwarf-4 -Wall -c -fmessage-length=0 -fno-builtin -ffunction-sections -fdata-sections -fmerge-constants -fmacro-prefix-map="../firmware/src/"= -mcpu=cortex-m3 -mthumb -fstack-usage -specs=redlib.specs -MMD -MP -MF"firmware/src/u2_jobs.d" -MT"firmware/src/u2_jobs.o" -MT"firmware/src/u2_jobs.d" -o "firmware/src/u2_jobs.o" "../firmware/src/u2_jobs.c"
Invoking: MCU C Compiler
Invoking: MCU C Compiler
arm-none-eabi-gcc -D__REDLIB__ -DDEBUG -D__CODE_RED -D__USE_LPCOPEN -DCORE_M3 -I"C:\Users\mad23\Downloads\Phoneix-workspace-fork\YAZAKI-mb\lpc_chip_175x_6x\inc" -I"C:\Users\mad23\Downloads\Phoneix-workspace-fork\YAZAKI-mb\mother_board\firmware\inc" -O0 -g3 -gdwarf-4 -Wall -c -fmessage-length=0 -fno-builtin -ffunction-sections -fdata-sections -fmerge-constants -fmacro-prefix-map="../firmware/src/"= -mcpu=cortex-m3 -mthumb -fstack-usage -specs=redlib.specs -MMD -MP -MF"firmware/src/ws2812b.d" -MT"firmware/src/ws2812b.o" -MT"firmware/src/ws2812b.d" -o "firmware/src/ws2812b.o" "../firmware/src/ws2812b.c"
 
 
Finished building: ../firmware/src/isr_uart1.c
arm-none-eabi-gcc -D__REDLIB__ -DDEBUG -D__CODE_RED -D__USE_LPCOPEN -DCORE_M3 -I"C:\Users\mad23\Downloads\Phoneix-workspace-fork\YAZAKI-mb\lpc_chip_175x_6x\inc" -I"C:\Users\mad23\Downloads\Phoneix-workspace-fork\YAZAKI-mb\mother_board\firmware\inc" -O0 -g3 -gdwarf-4 -Wall -c -fmessage-length=0 -fno-builtin -ffunction-sections -fdata-sections -fmerge-constants -fmacro-prefix-map="../firmware/src/"= -mcpu=cortex-m3 -mthumb -fstack-usage -specs=redlib.specs -MMD -MP -MF"firmware/src/ws_led.d" -MT"firmware/src/ws_led.o" -MT"firmware/src/ws_led.d" -o "firmware/src/ws_led.o" "../firmware/src/ws_led.c"
Finished building: ../firmware/src/isr_uart0.c
Finished building: ../firmware/src/queues.c
 
Finished building: ../firmware/src/main.c
Finished building: ../firmware/src/u1_jobs.c
 
 
 
 
Finished building: ../firmware/src/sysinit.c
 
Finished building: ../firmware/src/u2_jobs.c
 
Finished building: ../firmware/src/ws_led.c
Finished building: ../firmware/src/ws2812b.c
 
 
Building target: mother_board.axf
Invoking: MCU Linker
arm-none-eabi-gcc -nostdlib -L"C:\Users\mad23\Downloads\Phoneix-workspace-fork\YAZAKI-mb\lpc_chip_175x_6x\Debug" -Xlinker -Map="mother_board.map" -Xlinker --gc-sections -mcpu=cortex-m3 -mthumb -T mother_board_Debug.ld -o "mother_board.axf" ./firmware/src/app_status.o ./firmware/src/board.o ./firmware/src/board_sysinit.o ./firmware/src/cr_startup_lpc175x_6x.o ./firmware/src/isr_gpio.o ./firmware/src/isr_rit.o ./firmware/src/isr_uart0.o ./firmware/src/isr_uart1.o ./firmware/src/main.o ./firmware/src/queues.o ./firmware/src/sysinit.o ./firmware/src/u1_jobs.o ./firmware/src/u2_jobs.o ./firmware/src/ws2812b.o ./firmware/src/ws_led.o    -llpc_chip_175x_6x
Finished building target: mother_board.axf
 
Performing post-build steps
arm-none-eabi-size "mother_board.axf" && ^ ; arm-none-eabi-objcopy -v -O binary "mother_board.axf" "mother_board.bin" && ^ ; arm-none-eabi-objcopy -v -O ihex   "mother_board.axf" "mother_board.hex" && ^ ; checksum -p LPC1769 -d "mother_board.bin"
   text	   data	    bss	    dec	    hex	filename
  15092	     16	  27296	  42404	   a5a4	mother_board.axf
c:/nxp/mcuxpressoide_25.6.136/ide/plugins/com.nxp.mcuxpresso.tools.win32_25.6.0.202501151204/buildtools/bin/sh: ^: not found
copy from `mother_board.axf' [elf32-littlearm] to `mother_board.bin' [binary]
c:/nxp/mcuxpressoide_25.6.136/ide/plugins/com.nxp.mcuxpresso.tools.win32_25.6.0.202501151204/buildtools/bin/sh: ^: not found
copy from `mother_board.axf' [elf32-littlearm] to `mother_board.hex' [ihex]
c:/nxp/mcuxpressoide_25.6.136/ide/plugins/com.nxp.mcuxpresso.tools.win32_25.6.0.202501151204/buildtools/bin/sh: ^: not found
Written checksum 0xefff749e at offset 0x1c in file mother_board.bin
Previous value 0x00000000 at offset 0x1c in file mother_board.bin
 

16:06:16 Build Finished. 0 errors, 0 warnings. (took 1s.122ms)

